// Jest Snapshot v1, https://goo.gl/fbAQLP

exports[`should match snapshot: Container 1`] = `
.c0 {
  padding: 10px 15px;
}

<div
  className="c0"
>
  ボタン
</div>
`;
