// Jest Snapshot v1, https://goo.gl/fbAQLP

exports[`should match snapshot: TextInput 1`] = `
.c0 {
  font-size: 1.2em;
  padding: 0.3em;
  border: none;
  border-bottom: 1px solid #9e9e9e;
  width: 1.8em;
  text-align: center;
}

<input
  className="c0"
/>
`;
