// Jest Snapshot v1, https://goo.gl/fbAQLP

exports[`should match snapshot: Title 1`] = `
<h1
  className="sc-bdVaJa jXsmnv"
>
  タイトル
</h1>
`;
